#
# There is insufficient memory for the Java Runtime Environment to continue.
# Native memory allocation (malloc) failed to allocate 1180176 bytes for Chunk::new
# Possible reasons:
#   The system is out of physical RAM or swap space
#   The process is running with CompressedOops enabled, and the Java Heap may be blocking the growth of the native heap
# Possible solutions:
#   Reduce memory load on the system
#   Increase physical memory or swap space
#   Check if swap backing store is full
#   Decrease Java heap size (-Xmx/-Xms)
#   Decrease number of Java threads
#   Decrease Java thread stack sizes (-Xss)
#   Set larger code cache with -XX:ReservedCodeCacheSize=
#   JVM is running with Unscaled Compressed Oops mode in which the Java heap is
#     placed in the first 4GB address space. The Java Heap base address is the
#     maximum limit for the native heap growth. Please use -XX:HeapBaseMinAddress
#     to set the Java Heap base and to place the Java Heap above 4GB virtual address.
# This output file may be truncated or incomplete.
#
#  Out of Memory Error (arena.cpp:168), pid=48904, tid=12048
#
# JRE version: Java(TM) SE Runtime Environment (21.0.9+7) (build 21.0.9+7-LTS-338)
# Java VM: Java HotSpot(TM) 64-Bit Server VM (21.0.9+7-LTS-338, mixed mode, sharing, tiered, compressed oops, compressed class ptrs, g1 gc, windows-amd64)
# No core dump will be written. Minidumps are not enabled by default on client versions of Windows
#

---------------  S U M M A R Y ------------

Command Line: --add-opens=java.base/java.lang=ALL-UNNAMED --enable-native-access=ALL-UNNAMED -Dclassworlds.conf=C:/Users/bzung/.m2/wrapper/dists/apache-maven-3.9.16/56ba1f9f/bin/m2.conf -Dmaven.home=C:/Users/bzung/.m2/wrapper/dists/apache-maven-3.9.16/56ba1f9f -Dlibrary.jansi.path=C:/Users/bzung/.m2/wrapper/dists/apache-maven-3.9.16/56ba1f9f/lib/jansi-native -Dmaven.multiModuleProjectDirectory=C:/MyFiles/FinMe/backend org.codehaus.plexus.classworlds.launcher.Launcher clean test

Host: 11th Gen Intel(R) Core(TM) i3-1115G4 @ 3.00GHz, 4 cores, 7G,  Windows 11 , 64 bit Build 26100 (10.0.26100.7309)
Time: Wed Aug 26 10:56:55 2026 South Africa Standard Time elapsed time: 37.241156 seconds (0d 0h 0m 37s)

---------------  T H R E A D  ---------------

Current thread (0x000002a44e48fae0):  JavaThread "C2 CompilerThread0" daemon [_thread_in_native, id=12048, stack(0x000000a4cd700000,0x000000a4cd800000) (1024K)]


Current CompileTask:
C2:  37242 11137       4       com.sun.tools.javac.comp.DeferredAttr$DeferredType::check (105 bytes)

Stack: [0x000000a4cd700000,0x000000a4cd800000]
Native frames: (J=compiled Java code, j=interpreted, Vv=VM code, C=native code)
V  [jvm.dll+0x6cbf89]
V  [jvm.dll+0x858421]
V  [jvm.dll+0x85a94e]
V  [jvm.dll+0x85b023]
V  [jvm.dll+0x27ebc6]
V  [jvm.dll+0xc4f4d]
V  [jvm.dll+0xc5483]
V  [jvm.dll+0x3b69c2]
V  [jvm.dll+0x382925]
V  [jvm.dll+0x381d9a]
V  [jvm.dll+0x247640]
V  [jvm.dll+0x246c1f]
V  [jvm.dll+0x1c7a3e]
V  [jvm.dll+0x256329]
V  [jvm.dll+0x2548ba]
V  [jvm.dll+0x3efdee]
V  [jvm.dll+0x80265b]
V  [jvm.dll+0x6ca66d]
C  [ucrtbase.dll+0x37b0]
C  [KERNEL32.DLL+0x2e8d7]
C  [ntdll.dll+0x8c53c]


---------------  P R O C E S S  ---------------

Threads class SMR info:
_java_thread_list=0x000002a430783b90, length=12, elements={
0x000002a4302e2760, 0x000002a44e482230, 0x000002a44e4839b0, 0x000002a44e487d60,
0x000002a44e48c1e0, 0x000002a44e48b070, 0x000002a44e48dd40, 0x000002a44e48fae0,
0x000002a44e4b3d90, 0x000002a44e6f8cd0, 0x000002a44e702d50, 0x000002a4951f7860
}

Java Threads: ( => current thread )
  0x000002a4302e2760 JavaThread "main"                              [_thread_in_vm, id=46512, stack(0x000000a4cc900000,0x000000a4cca00000) (1024K)]
  0x000002a44e482230 JavaThread "Reference Handler"          daemon [_thread_blocked, id=48872, stack(0x000000a4cd100000,0x000000a4cd200000) (1024K)]
  0x000002a44e4839b0 JavaThread "Finalizer"                  daemon [_thread_blocked, id=42084, stack(0x000000a4cd200000,0x000000a4cd300000) (1024K)]
  0x000002a44e487d60 JavaThread "Signal Dispatcher"          daemon [_thread_blocked, id=40420, stack(0x000000a4cd300000,0x000000a4cd400000) (1024K)]
  0x000002a44e48c1e0 JavaThread "Attach Listener"            daemon [_thread_blocked, id=27564, stack(0x000000a4cd400000,0x000000a4cd500000) (1024K)]
  0x000002a44e48b070 JavaThread "Service Thread"             daemon [_thread_blocked, id=41272, stack(0x000000a4cd500000,0x000000a4cd600000) (1024K)]
  0x000002a44e48dd40 JavaThread "Monitor Deflation Thread"   daemon [_thread_blocked, id=25388, stack(0x000000a4cd600000,0x000000a4cd700000) (1024K)]
=>0x000002a44e48fae0 JavaThread "C2 CompilerThread0"         daemon [_thread_in_native, id=12048, stack(0x000000a4cd700000,0x000000a4cd800000) (1024K)]
  0x000002a44e4b3d90 JavaThread "C1 CompilerThread0"         daemon [_thread_blocked, id=45164, stack(0x000000a4cd800000,0x000000a4cd900000) (1024K)]
  0x000002a44e6f8cd0 JavaThread "Notification Thread"        daemon [_thread_blocked, id=27292, stack(0x000000a4cd900000,0x000000a4cda00000) (1024K)]
  0x000002a44e702d50 JavaThread "Common-Cleaner"             daemon [_thread_blocked, id=49736, stack(0x000000a4cda00000,0x000000a4cdb00000) (1024K)]
  0x000002a4951f7860 JavaThread "Thread-1"                   daemon [_thread_blocked, id=40368, stack(0x000000a4cdf00000,0x000000a4ce000000) (1024K)]
Total: 12

Other Threads:
  0x000002a44e463670 VMThread "VM Thread"                           [id=37468, stack(0x000000a4cd000000,0x000000a4cd100000) (1024K)]
  0x000002a44e44e100 WatcherThread "VM Periodic Task Thread"        [id=9744, stack(0x000000a4ccf00000,0x000000a4cd000000) (1024K)]
  0x000002a430741160 WorkerThread "GC Thread#0"                     [id=47600, stack(0x000000a4cca00000,0x000000a4ccb00000) (1024K)]
  0x000002a49464ca60 WorkerThread "GC Thread#1"                     [id=30752, stack(0x000000a4cdc00000,0x000000a4cdd00000) (1024K)]
  0x000002a494602f00 WorkerThread "GC Thread#2"                     [id=42364, stack(0x000000a4cdd00000,0x000000a4cde00000) (1024K)]
  0x000002a4945cb810 WorkerThread "GC Thread#3"                     [id=40944, stack(0x000000a4cde00000,0x000000a4cdf00000) (1024K)]
  0x000002a430752910 ConcurrentGCThread "G1 Main Marker"            [id=44568, stack(0x000000a4ccb00000,0x000000a4ccc00000) (1024K)]
  0x000002a4307542a0 WorkerThread "G1 Conc#0"                       [id=41072, stack(0x000000a4ccc00000,0x000000a4ccd00000) (1024K)]
  0x000002a44e322150 ConcurrentGCThread "G1 Refine#0"               [id=33924, stack(0x000000a4ccd00000,0x000000a4cce00000) (1024K)]
  0x000002a44e322ae0 ConcurrentGCThread "G1 Service"                [id=16192, stack(0x000000a4cce00000,0x000000a4ccf00000) (1024K)]
Total: 10

Threads with active compile tasks:
C2 CompilerThread0    37286 11137       4       com.sun.tools.javac.comp.DeferredAttr$DeferredType::check (105 bytes)
Total: 1

VM state: not at safepoint (normal execution)

VM Mutex/Monitor currently owned by a thread: None

Heap address: 0x0000000083600000, size: 1994 MB, Compressed Oops mode: 32-bit

CDS archive(s) mapped at: [0x000002a44f000000-0x000002a44fc90000-0x000002a44fc90000), size 13172736, SharedBaseAddress: 0x000002a44f000000, ArchiveRelocationMode: 1.
Compressed class space mapped at: 0x000002a450000000-0x000002a490000000, reserved size: 1073741824
Narrow klass base: 0x000002a44f000000, Narrow klass shift: 0, Narrow klass range: 0x100000000

GC Precious Log:
 CardTable entry size: 512
 Card Set container configuration: InlinePtr #cards 5 size 8 Array Of Cards #cards 12 size 40 Howl #buckets 4 coarsen threshold 1843 Howl Bitmap #cards 512 size 80 coarsen threshold 460 Card regions per heap region 1 cards per card region 2048
 CPUs: 4 total, 4 available
 Memory: 7975M
 Large Page Support: Disabled
 NUMA Support: Disabled
 Compressed Oops: Enabled (32-bit)
 Heap Region Size: 1M
 Heap Min Capacity: 8M
 Heap Initial Capacity: 126M
 Heap Max Capacity: 1994M
 Pre-touch: Disabled
 Parallel Workers: 4
 Concurrent Workers: 1
 Concurrent Refinement Workers: 4
 Periodic GC: Disabled

Heap:
 garbage-first heap   total 168960K, used 74184K [0x0000000083600000, 0x0000000100000000)
  region size 1024K, 13 young (13312K), 5 survivors (5120K)
 Metaspace       used 33625K, committed 34688K, reserved 1114112K
  class space    used 3618K, committed 4032K, reserved 1048576K

Heap Regions: E=young(eden), S=young(survivor), O=old, HS=humongous(starts), HC=humongous(continues), CS=collection set, F=free, TAMS=top-at-mark-start, PB=parsable bottom
|   0|0x0000000083600000, 0x0000000083700000, 0x0000000083700000|100%| O|  |TAMS 0x0000000083600000| PB 0x0000000083600000| Untracked 
|   1|0x0000000083700000, 0x0000000083800000, 0x0000000083800000|100%| O|  |TAMS 0x0000000083700000| PB 0x0000000083700000| Untracked 
|   2|0x0000000083800000, 0x0000000083900000, 0x0000000083900000|100%| O|  |TAMS 0x0000000083800000| PB 0x0000000083800000| Untracked 
|   3|0x0000000083900000, 0x0000000083a00000, 0x0000000083a00000|100%| O|  |TAMS 0x0000000083900000| PB 0x0000000083900000| Untracked 
|   4|0x0000000083a00000, 0x0000000083b00000, 0x0000000083b00000|100%| O|  |TAMS 0x0000000083a00000| PB 0x0000000083a00000| Untracked 
|   5|0x0000000083b00000, 0x0000000083c00000, 0x0000000083c00000|100%| O|  |TAMS 0x0000000083b00000| PB 0x0000000083b00000| Untracked 
|   6|0x0000000083c00000, 0x0000000083d00000, 0x0000000083d00000|100%| O|  |TAMS 0x0000000083c00000| PB 0x0000000083c00000| Untracked 
|   7|0x0000000083d00000, 0x0000000083e00000, 0x0000000083e00000|100%| O|  |TAMS 0x0000000083d00000| PB 0x0000000083d00000| Untracked 
|   8|0x0000000083e00000, 0x0000000083f00000, 0x0000000083f00000|100%| O|  |TAMS 0x0000000083e00000| PB 0x0000000083e00000| Untracked 
|   9|0x0000000083f00000, 0x0000000084000000, 0x0000000084000000|100%| O|  |TAMS 0x0000000083f00000| PB 0x0000000083f00000| Untracked 
|  10|0x0000000084000000, 0x0000000084100000, 0x0000000084100000|100%| O|  |TAMS 0x0000000084000000| PB 0x0000000084000000| Untracked 
|  11|0x0000000084100000, 0x0000000084200000, 0x0000000084200000|100%| O|  |TAMS 0x0000000084100000| PB 0x0000000084100000| Untracked 
|  12|0x0000000084200000, 0x0000000084300000, 0x0000000084300000|100%| O|  |TAMS 0x0000000084200000| PB 0x0000000084200000| Untracked 
|  13|0x0000000084300000, 0x0000000084400000, 0x0000000084400000|100%| O|  |TAMS 0x0000000084300000| PB 0x0000000084300000| Untracked 
|  14|0x0000000084400000, 0x0000000084500000, 0x0000000084500000|100%| O|  |TAMS 0x0000000084400000| PB 0x0000000084400000| Untracked 
|  15|0x0000000084500000, 0x0000000084600000, 0x0000000084600000|100%| O|  |TAMS 0x0000000084500000| PB 0x0000000084500000| Untracked 
|  16|0x0000000084600000, 0x0000000084700000, 0x0000000084700000|100%| O|  |TAMS 0x0000000084600000| PB 0x0000000084600000| Untracked 
|  17|0x0000000084700000, 0x0000000084800000, 0x0000000084800000|100%| O|  |TAMS 0x0000000084700000| PB 0x0000000084700000| Untracked 
|  18|0x0000000084800000, 0x000000008482e180, 0x0000000084900000| 18%| O|  |TAMS 0x0000000084800000| PB 0x0000000084800000| Untracked 
|  19|0x0000000084900000, 0x0000000084a00000, 0x0000000084a00000|100%| O|  |TAMS 0x0000000084900000| PB 0x0000000084900000| Untracked 
|  20|0x0000000084a00000, 0x0000000084b00000, 0x0000000084b00000|100%| O|  |TAMS 0x0000000084a00000| PB 0x0000000084a00000| Untracked 
|  21|0x0000000084b00000, 0x0000000084b00000, 0x0000000084c00000|  0%| F|  |TAMS 0x0000000084b00000| PB 0x0000000084b00000| Untracked 
|  22|0x0000000084c00000, 0x0000000084c00000, 0x0000000084d00000|  0%| F|  |TAMS 0x0000000084c00000| PB 0x0000000084c00000| Untracked 
|  23|0x0000000084d00000, 0x0000000084e00000, 0x0000000084e00000|100%| O|  |TAMS 0x0000000084d00000| PB 0x0000000084d00000| Untracked 
|  24|0x0000000084e00000, 0x0000000084f00000, 0x0000000084f00000|100%| O|  |TAMS 0x0000000084e00000| PB 0x0000000084e00000| Untracked 
|  25|0x0000000084f00000, 0x0000000085000000, 0x0000000085000000|100%| O|  |TAMS 0x0000000084f00000| PB 0x0000000084f00000| Untracked 
|  26|0x0000000085000000, 0x0000000085100000, 0x0000000085100000|100%| O|  |TAMS 0x0000000085000000| PB 0x0000000085000000| Untracked 
|  27|0x0000000085100000, 0x0000000085100000, 0x0000000085200000|  0%| F|  |TAMS 0x0000000085100000| PB 0x0000000085100000| Untracked 
|  28|0x0000000085200000, 0x0000000085200000, 0x0000000085300000|  0%| F|  |TAMS 0x0000000085200000| PB 0x0000000085200000| Untracked 
|  29|0x0000000085300000, 0x0000000085400000, 0x0000000085400000|100%| O|  |TAMS 0x0000000085300000| PB 0x0000000085300000| Untracked 
|  30|0x0000000085400000, 0x0000000085500000, 0x0000000085500000|100%|HS|  |TAMS 0x0000000085400000| PB 0x0000000085400000| Complete 
|  31|0x0000000085500000, 0x0000000085600000, 0x0000000085600000|100%| O|  |TAMS 0x0000000085500000| PB 0x0000000085500000| Untracked 
|  32|0x0000000085600000, 0x0000000085700000, 0x0000000085700000|100%| O|  |TAMS 0x0000000085600000| PB 0x0000000085600000| Untracked 
|  33|0x0000000085700000, 0x0000000085700000, 0x0000000085800000|  0%| F|  |TAMS 0x0000000085700000| PB 0x0000000085700000| Untracked 
|  34|0x0000000085800000, 0x0000000085800000, 0x0000000085900000|  0%| F|  |TAMS 0x0000000085800000| PB 0x0000000085800000| Untracked 
|  35|0x0000000085900000, 0x0000000085900000, 0x0000000085a00000|  0%| F|  |TAMS 0x0000000085900000| PB 0x0000000085900000| Untracked 
|  36|0x0000000085a00000, 0x0000000085a00000, 0x0000000085b00000|  0%| F|  |TAMS 0x0000000085a00000| PB 0x0000000085a00000| Untracked 
|  37|0x0000000085b00000, 0x0000000085b00000, 0x0000000085c00000|  0%| F|  |TAMS 0x0000000085b00000| PB 0x0000000085b00000| Untracked 
|  38|0x0000000085c00000, 0x0000000085c00000, 0x0000000085d00000|  0%| F|  |TAMS 0x0000000085c00000| PB 0x0000000085c00000| Untracked 
|  39|0x0000000085d00000, 0x0000000085d00000, 0x0000000085e00000|  0%| F|  |TAMS 0x0000000085d00000| PB 0x0000000085d00000| Untracked 
|  40|0x0000000085e00000, 0x0000000085f00000, 0x0000000085f00000|100%| O|  |TAMS 0x0000000085e00000| PB 0x0000000085e00000| Untracked 
|  41|0x0000000085f00000, 0x0000000085f00000, 0x0000000086000000|  0%| F|  |TAMS 0x0000000085f00000| PB 0x0000000085f00000| Untracked 
|  42|0x0000000086000000, 0x0000000086000000, 0x0000000086100000|  0%| F|  |TAMS 0x0000000086000000| PB 0x0000000086000000| Untracked 
|  43|0x0000000086100000, 0x0000000086100000, 0x0000000086200000|  0%| F|  |TAMS 0x0000000086100000| PB 0x0000000086100000| Untracked 
|  44|0x0000000086200000, 0x0000000086200000, 0x0000000086300000|  0%| F|  |TAMS 0x0000000086200000| PB 0x0000000086200000| Untracked 
|  45|0x0000000086300000, 0x0000000086300000, 0x0000000086400000|  0%| F|  |TAMS 0x0000000086300000| PB 0x0000000086300000| Untracked 
|  46|0x0000000086400000, 0x0000000086444220, 0x0000000086500000| 26%| S|CS|TAMS 0x0000000086400000| PB 0x0000000086400000| Complete 
|  47|0x0000000086500000, 0x0000000086600000, 0x0000000086600000|100%| S|CS|TAMS 0x0000000086500000| PB 0x0000000086500000| Complete 
|  48|0x0000000086600000, 0x0000000086700000, 0x0000000086700000|100%| S|CS|TAMS 0x0000000086600000| PB 0x0000000086600000| Complete 
|  49|0x0000000086700000, 0x0000000086800000, 0x0000000086800000|100%| S|CS|TAMS 0x0000000086700000| PB 0x0000000086700000| Complete 
|  50|0x0000000086800000, 0x0000000086900000, 0x0000000086900000|100%| O|  |TAMS 0x0000000086800000| PB 0x0000000086800000| Untracked 
|  51|0x0000000086900000, 0x0000000086a00000, 0x0000000086a00000|100%| S|CS|TAMS 0x0000000086900000| PB 0x0000000086900000| Complete 
|  52|0x0000000086a00000, 0x0000000086a00000, 0x0000000086b00000|  0%| F|  |TAMS 0x0000000086a00000| PB 0x0000000086a00000| Untracked 
|  53|0x0000000086b00000, 0x0000000086b00000, 0x0000000086c00000|  0%| F|  |TAMS 0x0000000086b00000| PB 0x0000000086b00000| Untracked 
|  54|0x0000000086c00000, 0x0000000086c00000, 0x0000000086d00000|  0%| F|  |TAMS 0x0000000086c00000| PB 0x0000000086c00000| Untracked 
|  55|0x0000000086d00000, 0x0000000086d00000, 0x0000000086e00000|  0%| F|  |TAMS 0x0000000086d00000| PB 0x0000000086d00000| Untracked 
|  56|0x0000000086e00000, 0x0000000086f00000, 0x0000000086f00000|100%|HS|  |TAMS 0x0000000086e00000| PB 0x0000000086e00000| Complete 
|  57|0x0000000086f00000, 0x0000000087000000, 0x0000000087000000|100%| O|  |TAMS 0x0000000086f00000| PB 0x0000000086f00000| Untracked 
|  58|0x0000000087000000, 0x0000000087100000, 0x0000000087100000|100%|HS|  |TAMS 0x0000000087000000| PB 0x0000000087000000| Complete 
|  59|0x0000000087100000, 0x0000000087200000, 0x0000000087200000|100%|HC|  |TAMS 0x0000000087100000| PB 0x0000000087100000| Complete 
|  60|0x0000000087200000, 0x0000000087300000, 0x0000000087300000|100%|HC|  |TAMS 0x0000000087200000| PB 0x0000000087200000| Complete 
|  61|0x0000000087300000, 0x0000000087300000, 0x0000000087400000|  0%| F|  |TAMS 0x0000000087300000| PB 0x0000000087300000| Untracked 
|  62|0x0000000087400000, 0x0000000087400000, 0x0000000087500000|  0%| F|  |TAMS 0x0000000087400000| PB 0x0000000087400000| Untracked 
|  63|0x0000000087500000, 0x0000000087500000, 0x0000000087600000|  0%| F|  |TAMS 0x0000000087500000| PB 0x0000000087500000| Untracked 
|  64|0x0000000087600000, 0x0000000087700000, 0x0000000087700000|100%| O|  |TAMS 0x0000000087600000| PB 0x0000000087600000| Untracked 
|  65|0x0000000087700000, 0x0000000087800000, 0x0000000087800000|100%| O|  |TAMS 0x0000000087700000| PB 0x0000000087700000| Untracked 
|  66|0x0000000087800000, 0x0000000087900000, 0x0000000087900000|100%| O|  |TAMS 0x0000000087800000| PB 0x0000000087800000| Untracked 
|  67|0x0000000087900000, 0x0000000087a00000, 0x0000000087a00000|100%| O|  |TAMS 0x0000000087900000| PB 0x0000000087900000| Untracked 
|  68|0x0000000087a00000, 0x0000000087b00000, 0x0000000087b00000|100%| O|  |TAMS 0x0000000087a00000| PB 0x0000000087a00000| Untracked 
|  69|0x0000000087b00000, 0x0000000087c00000, 0x0000000087c00000|100%| O|  |TAMS 0x0000000087b00000| PB 0x0000000087b00000| Untracked 
|  70|0x0000000087c00000, 0x0000000087d00000, 0x0000000087d00000|100%| O|  |TAMS 0x0000000087c00000| PB 0x0000000087c00000| Untracked 
|  71|0x0000000087d00000, 0x0000000087e00000, 0x0000000087e00000|100%| O|  |TAMS 0x0000000087d00000| PB 0x0000000087d00000| Untracked 
|  72|0x0000000087e00000, 0x0000000087f00000, 0x0000000087f00000|100%| O|  |TAMS 0x0000000087e00000| PB 0x0000000087e00000| Untracked 
|  73|0x0000000087f00000, 0x0000000088000000, 0x0000000088000000|100%| O|  |TAMS 0x0000000087f00000| PB 0x0000000087f00000| Untracked 
|  74|0x0000000088000000, 0x0000000088100000, 0x0000000088100000|100%| O|  |TAMS 0x0000000088000000| PB 0x0000000088000000| Untracked 
|  75|0x0000000088100000, 0x0000000088100000, 0x0000000088200000|  0%| F|  |TAMS 0x0000000088100000| PB 0x0000000088100000| Untracked 
|  76|0x0000000088200000, 0x0000000088300000, 0x0000000088300000|100%| O|  |TAMS 0x0000000088200000| PB 0x0000000088200000| Untracked 
|  77|0x0000000088300000, 0x0000000088400000, 0x0000000088400000|100%| O|  |TAMS 0x0000000088300000| PB 0x0000000088300000| Untracked 
|  78|0x0000000088400000, 0x0000000088500000, 0x0000000088500000|100%| O|  |TAMS 0x0000000088400000| PB 0x0000000088400000| Untracked 
|  79|0x0000000088500000, 0x0000000088500000, 0x0000000088600000|  0%| F|  |TAMS 0x0000000088500000| PB 0x0000000088500000| Untracked 
|  80|0x0000000088600000, 0x0000000088700000, 0x0000000088700000|100%| O|  |TAMS 0x0000000088600000| PB 0x0000000088600000| Untracked 
|  81|0x0000000088700000, 0x0000000088700000, 0x0000000088800000|  0%| F|  |TAMS 0x0000000088700000| PB 0x0000000088700000| Untracked 
|  82|0x0000000088800000, 0x0000000088900000, 0x0000000088900000|100%| O|  |TAMS 0x0000000088800000| PB 0x0000000088800000| Untracked 
|  83|0x0000000088900000, 0x0000000088900000, 0x0000000088a00000|  0%| F|  |TAMS 0x0000000088900000| PB 0x0000000088900000| Untracked 
|  84|0x0000000088a00000, 0x0000000088b00000, 0x0000000088b00000|100%| O|  |TAMS 0x0000000088a00000| PB 0x0000000088a00000| Untracked 
|  85|0x0000000088b00000, 0x0000000088c00000, 0x0000000088c00000|100%| O|  |TAMS 0x0000000088b00000| PB 0x0000000088b00000| Untracked 
|  86|0x0000000088c00000, 0x0000000088d00000, 0x0000000088d00000|100%| O|  |TAMS 0x0000000088c00000| PB 0x0000000088c00000| Untracked 
|  87|0x0000000088d00000, 0x0000000088e00000, 0x0000000088e00000|100%| O|  |TAMS 0x0000000088d00000| PB 0x0000000088d00000| Untracked 
|  88|0x0000000088e00000, 0x0000000088f00000, 0x0000000088f00000|100%| O|  |TAMS 0x0000000088e00000| PB 0x0000000088e00000| Untracked 
|  89|0x0000000088f00000, 0x0000000089000000, 0x0000000089000000|100%| O|  |TAMS 0x0000000088f00000| PB 0x0000000088f00000| Untracked 
|  90|0x0000000089000000, 0x0000000089100000, 0x0000000089100000|100%| O|  |TAMS 0x0000000089000000| PB 0x0000000089000000| Untracked 
|  91|0x0000000089100000, 0x0000000089100000, 0x0000000089200000|  0%| F|  |TAMS 0x0000000089100000| PB 0x0000000089100000| Untracked 
|  92|0x0000000089200000, 0x0000000089200000, 0x0000000089300000|  0%| F|  |TAMS 0x0000000089200000| PB 0x0000000089200000| Untracked 
|  93|0x0000000089300000, 0x0000000089300000, 0x0000000089400000|  0%| F|  |TAMS 0x0000000089300000| PB 0x0000000089300000| Untracked 
|  94|0x0000000089400000, 0x0000000089400000, 0x0000000089500000|  0%| F|  |TAMS 0x0000000089400000| PB 0x0000000089400000| Untracked 
|  95|0x0000000089500000, 0x0000000089500000, 0x0000000089600000|  0%| F|  |TAMS 0x0000000089500000| PB 0x0000000089500000| Untracked 
|  96|0x0000000089600000, 0x0000000089700000, 0x0000000089700000|100%| O|  |TAMS 0x0000000089600000| PB 0x0000000089600000| Untracked 
|  97|0x0000000089700000, 0x0000000089800000, 0x0000000089800000|100%| O|  |TAMS 0x0000000089700000| PB 0x0000000089700000| Untracked 
|  98|0x0000000089800000, 0x0000000089900000, 0x0000000089900000|100%| O|  |TAMS 0x0000000089800000| PB 0x0000000089800000| Untracked 
|  99|0x0000000089900000, 0x0000000089900000, 0x0000000089a00000|  0%| F|  |TAMS 0x0000000089900000| PB 0x0000000089900000| Untracked 
| 100|0x0000000089a00000, 0x0000000089a00000, 0x0000000089b00000|  0%| F|  |TAMS 0x0000000089a00000| PB 0x0000000089a00000| Untracked 
| 101|0x0000000089b00000, 0x0000000089b00000, 0x0000000089c00000|  0%| F|  |TAMS 0x0000000089b00000| PB 0x0000000089b00000| Untracked 
| 102|0x0000000089c00000, 0x0000000089c00000, 0x0000000089d00000|  0%| F|  |TAMS 0x0000000089c00000| PB 0x0000000089c00000| Untracked 
| 103|0x0000000089d00000, 0x0000000089d00000, 0x0000000089e00000|  0%| F|  |TAMS 0x0000000089d00000| PB 0x0000000089d00000| Untracked 
| 104|0x0000000089e00000, 0x0000000089e00000, 0x0000000089f00000|  0%| F|  |TAMS 0x0000000089e00000| PB 0x0000000089e00000| Untracked 
| 105|0x0000000089f00000, 0x0000000089f00000, 0x000000008a000000|  0%| F|  |TAMS 0x0000000089f00000| PB 0x0000000089f00000| Untracked 
| 106|0x000000008a000000, 0x000000008a000000, 0x000000008a100000|  0%| F|  |TAMS 0x000000008a000000| PB 0x000000008a000000| Untracked 
| 107|0x000000008a100000, 0x000000008a100000, 0x000000008a200000|  0%| F|  |TAMS 0x000000008a100000| PB 0x000000008a100000| Untracked 
| 108|0x000000008a200000, 0x000000008a200000, 0x000000008a300000|  0%| F|  |TAMS 0x000000008a200000| PB 0x000000008a200000| Untracked 
| 109|0x000000008a300000, 0x000000008a300000, 0x000000008a400000|  0%| F|  |TAMS 0x000000008a300000| PB 0x000000008a300000| Untracked 
| 110|0x000000008a400000, 0x000000008a400000, 0x000000008a500000|  0%| F|  |TAMS 0x000000008a400000| PB 0x000000008a400000| Untracked 
| 111|0x000000008a500000, 0x000000008a500000, 0x000000008a600000|  0%| F|  |TAMS 0x000000008a500000| PB 0x000000008a500000| Untracked 
| 112|0x000000008a600000, 0x000000008a600000, 0x000000008a700000|  0%| F|  |TAMS 0x000000008a600000| PB 0x000000008a600000| Untracked 
| 113|0x000000008a700000, 0x000000008a700000, 0x000000008a800000|  0%| F|  |TAMS 0x000000008a700000| PB 0x000000008a700000| Untracked 
| 114|0x000000008a800000, 0x000000008a800000, 0x000000008a900000|  0%| F|  |TAMS 0x000000008a800000| PB 0x000000008a800000| Untracked 
| 115|0x000000008a900000, 0x000000008a900000, 0x000000008aa00000|  0%| F|  |TAMS 0x000000008a900000| PB 0x000000008a900000| Untracked 
| 116|0x000000008aa00000, 0x000000008aa00000, 0x000000008ab00000|  0%| F|  |TAMS 0x000000008aa00000| PB 0x000000008aa00000| Untracked 
| 117|0x000000008ab00000, 0x000000008ab00000, 0x000000008ac00000|  0%| F|  |TAMS 0x000000008ab00000| PB 0x000000008ab00000| Untracked 
| 118|0x000000008ac00000, 0x000000008ac00000, 0x000000008ad00000|  0%| F|  |TAMS 0x000000008ac00000| PB 0x000000008ac00000| Untracked 
| 119|0x000000008ad00000, 0x000000008ad00000, 0x000000008ae00000|  0%| F|  |TAMS 0x000000008ad00000| PB 0x000000008ad00000| Untracked 
| 120|0x000000008ae00000, 0x000000008ae00000, 0x000000008af00000|  0%| F|  |TAMS 0x000000008ae00000| PB 0x000000008ae00000| Untracked 
| 121|0x000000008af00000, 0x000000008af00000, 0x000000008b000000|  0%| F|  |TAMS 0x000000008af00000| PB 0x000000008af00000| Untracked 
| 122|0x000000008b000000, 0x000000008b000000, 0x000000008b100000|  0%| F|  |TAMS 0x000000008b000000| PB 0x000000008b000000| Untracked 
| 123|0x000000008b100000, 0x000000008b100000, 0x000000008b200000|  0%| F|  |TAMS 0x000000008b100000| PB 0x000000008b100000| Untracked 
| 124|0x000000008b200000, 0x000000008b200000, 0x000000008b300000|  0%| F|  |TAMS 0x000000008b200000| PB 0x000000008b200000| Untracked 
| 125|0x000000008b300000, 0x000000008b300000, 0x000000008b400000|  0%| F|  |TAMS 0x000000008b300000| PB 0x000000008b300000| Untracked 
| 126|0x000000008b400000, 0x000000008b400000, 0x000000008b500000|  0%| F|  |TAMS 0x000000008b400000| PB 0x000000008b400000| Untracked 
| 127|0x000000008b500000, 0x000000008b500000, 0x000000008b600000|  0%| F|  |TAMS 0x000000008b500000| PB 0x000000008b500000| Untracked 
| 128|0x000000008b600000, 0x000000008b600000, 0x000000008b700000|  0%| F|  |TAMS 0x000000008b600000| PB 0x000000008b600000| Untracked 
| 129|0x000000008b700000, 0x000000008b700000, 0x000000008b800000|  0%| F|  |TAMS 0x000000008b700000| PB 0x000000008b700000| Untracked 
| 130|0x000000008b800000, 0x000000008b800000, 0x000000008b900000|  0%| F|  |TAMS 0x000000008b800000| PB 0x000000008b800000| Untracked 
| 131|0x000000008b900000, 0x000000008b900000, 0x000000008ba00000|  0%| F|  |TAMS 0x000000008b900000| PB 0x000000008b900000| Untracked 
| 132|0x000000008ba00000, 0x000000008ba00000, 0x000000008bb00000|  0%| F|  |TAMS 0x000000008ba00000| PB 0x000000008ba00000| Untracked 
| 133|0x000000008bb00000, 0x000000008bb00000, 0x000000008bc00000|  0%| F|  |TAMS 0x000000008bb00000| PB 0x000000008bb00000| Untracked 
| 134|0x000000008bc00000, 0x000000008bc00000, 0x000000008bd00000|  0%| F|  |TAMS 0x000000008bc00000| PB 0x000000008bc00000| Untracked 
| 135|0x000000008bd00000, 0x000000008bd00000, 0x000000008be00000|  0%| F|  |TAMS 0x000000008bd00000| PB 0x000000008bd00000| Untracked 
| 136|0x000000008be00000, 0x000000008be00000, 0x000000008bf00000|  0%| F|  |TAMS 0x000000008be00000| PB 0x000000008be00000| Untracked 
| 137|0x000000008bf00000, 0x000000008bf00000, 0x000000008c000000|  0%| F|  |TAMS 0x000000008bf00000| PB 0x000000008bf00000| Untracked 
| 138|0x000000008c000000, 0x000000008c000000, 0x000000008c100000|  0%| F|  |TAMS 0x000000008c000000| PB 0x000000008c000000| Untracked 
| 139|0x000000008c100000, 0x000000008c100000, 0x000000008c200000|  0%| F|  |TAMS 0x000000008c100000| PB 0x000000008c100000| Untracked 
| 140|0x000000008c200000, 0x000000008c200000, 0x000000008c300000|  0%| F|  |TAMS 0x000000008c200000| PB 0x000000008c200000| Untracked 
| 141|0x000000008c300000, 0x000000008c300000, 0x000000008c400000|  0%| F|  |TAMS 0x000000008c300000| PB 0x000000008c300000| Untracked 
| 142|0x000000008c400000, 0x000000008c400000, 0x000000008c500000|  0%| F|  |TAMS 0x000000008c400000| PB 0x000000008c400000| Untracked 
| 143|0x000000008c500000, 0x000000008c500000, 0x000000008c600000|  0%| F|  |TAMS 0x000000008c500000| PB 0x000000008c500000| Untracked 
| 144|0x000000008c600000, 0x000000008c600000, 0x000000008c700000|  0%| F|  |TAMS 0x000000008c600000| PB 0x000000008c600000| Untracked 
| 145|0x000000008c700000, 0x000000008c700000, 0x000000008c800000|  0%| F|  |TAMS 0x000000008c700000| PB 0x000000008c700000| Untracked 
| 146|0x000000008c800000, 0x000000008c800000, 0x000000008c900000|  0%| F|  |TAMS 0x000000008c800000| PB 0x000000008c800000| Untracked 
| 147|0x000000008c900000, 0x000000008c900000, 0x000000008ca00000|  0%| F|  |TAMS 0x000000008c900000| PB 0x000000008c900000| Untracked 
| 148|0x000000008ca00000, 0x000000008ca00000, 0x000000008cb00000|  0%| F|  |TAMS 0x000000008ca00000| PB 0x000000008ca00000| Untracked 
| 149|0x000000008cb00000, 0x000000008cb00000, 0x000000008cc00000|  0%| F|  |TAMS 0x000000008cb00000| PB 0x000000008cb00000| Untracked 
| 150|0x000000008cc00000, 0x000000008cc00000, 0x000000008cd00000|  0%| F|  |TAMS 0x000000008cc00000| PB 0x000000008cc00000| Untracked 
| 151|0x000000008cd00000, 0x000000008cd00000, 0x000000008ce00000|  0%| F|  |TAMS 0x000000008cd00000| PB 0x000000008cd00000| Untracked 
| 152|0x000000008ce00000, 0x000000008ce00000, 0x000000008cf00000|  0%| F|  |TAMS 0x000000008ce00000| PB 0x000000008ce00000| Untracked 
| 153|0x000000008cf00000, 0x000000008cf00000, 0x000000008d000000|  0%| F|  |TAMS 0x000000008cf00000| PB 0x000000008cf00000| Untracked 
| 154|0x000000008d000000, 0x000000008d000000, 0x000000008d100000|  0%| F|  |TAMS 0x000000008d000000| PB 0x000000008d000000| Untracked 
| 155|0x000000008d100000, 0x000000008d100000, 0x000000008d200000|  0%| F|  |TAMS 0x000000008d100000| PB 0x000000008d100000| Untracked 
| 156|0x000000008d200000, 0x000000008d200000, 0x000000008d300000|  0%| F|  |TAMS 0x000000008d200000| PB 0x000000008d200000| Untracked 
| 157|0x000000008d300000, 0x000000008d380000, 0x000000008d400000| 50%| E|  |TAMS 0x000000008d300000| PB 0x000000008d300000| Complete 
| 158|0x000000008d400000, 0x000000008d500000, 0x000000008d500000|100%| E|CS|TAMS 0x000000008d400000| PB 0x000000008d400000| Complete 
| 159|0x000000008d500000, 0x000000008d600000, 0x000000008d600000|100%| E|CS|TAMS 0x000000008d500000| PB 0x000000008d500000| Complete 
| 160|0x000000008d600000, 0x000000008d700000, 0x000000008d700000|100%| E|CS|TAMS 0x000000008d600000| PB 0x000000008d600000| Complete 
| 161|0x000000008d700000, 0x000000008d800000, 0x000000008d800000|100%| E|CS|TAMS 0x000000008d700000| PB 0x000000008d700000| Complete 
| 162|0x000000008d800000, 0x000000008d900000, 0x000000008d900000|100%| E|CS|TAMS 0x000000008d800000| PB 0x000000008d800000| Complete 
| 163|0x000000008d900000, 0x000000008da00000, 0x000000008da00000|100%| E|CS|TAMS 0x000000008d900000| PB 0x000000008d900000| Complete 
| 164|0x000000008da00000, 0x000000008db00000, 0x000000008db00000|100%| E|CS|TAMS 0x000000008da00000| PB 0x000000008da00000| Complete 

Card table byte_map: [0x000002a449b80000,0x000002a449f70000] _byte_map_base: 0x000002a449765000

Marking Bits: (CMBitMap*) 0x000002a430741870
 Bits: [0x000002a449f70000, 0x000002a44be98000)

Polling page: 0x000002a4303c0000

Metaspace:

Usage:
  Non-class:     29.30 MB used.
      Class:      3.53 MB used.
       Both:     32.84 MB used.

Virtual space:
  Non-class space:       64.00 MB reserved,      29.94 MB ( 47%) committed,  1 nodes.
      Class space:        1.00 GB reserved,       3.94 MB ( <1%) committed,  1 nodes.
             Both:        1.06 GB reserved,      33.88 MB (  3%) committed. 

Chunk freelists:
   Non-Class:  2.45 MB
       Class:  12.21 MB
        Both:  14.66 MB

MaxMetaspaceSize: unlimited
CompressedClassSpaceSize: 1.00 GB
Initial GC threshold: 21.00 MB
Current GC threshold: 56.50 MB
CDS: on
 - commit_granule_bytes: 65536.
 - commit_granule_words: 8192.
 - virtual_space_node_default_size: 8388608.
 - enlarge_chunks_in_place: 1.
 - use_allocation_guard: 0.


Internal statistics:

num_allocs_failed_limit: 3.
num_arena_births: 532.
num_arena_deaths: 4.
num_vsnodes_births: 2.
num_vsnodes_deaths: 0.
num_space_committed: 558.
num_space_uncommitted: 10.
num_chunks_returned_to_freelist: 101.
num_chunks_taken_from_freelist: 1946.
num_chunk_merges: 21.
num_chunk_splits: 1316.
num_chunks_enlarged: 961.
num_inconsistent_stats: 0.

CodeHeap 'non-profiled nmethods': size=120000Kb used=7196Kb max_used=8096Kb free=112803Kb
 bounds [0x000002a441c30000, 0x000002a442440000, 0x000002a449160000]
CodeHeap 'profiled nmethods': size=120000Kb used=19939Kb max_used=26644Kb free=100060Kb
 bounds [0x000002a43a160000, 0x000002a43bb70000, 0x000002a441690000]
CodeHeap 'non-nmethods': size=5760Kb used=1621Kb max_used=1686Kb free=4138Kb
 bounds [0x000002a441690000, 0x000002a441900000, 0x000002a441c30000]
 total_blobs=9266 nmethods=8722 adapters=448
 compilation: enabled
              stopped_count=0, restarted_count=0
 full_count=0

Compilation events (20 events):
Event: 36.138 Thread 0x000002a44e4b3d90 11130       3       com.sun.tools.javac.jvm.PoolWriter::makeBootstrapEntry (59 bytes)
Event: 36.139 Thread 0x000002a44e4b3d90 nmethod 11130 0x000002a43ad0a610 code [0x000002a43ad0a840, 0x000002a43ad0b070]
Event: 36.139 Thread 0x000002a44e4b3d90 11131       3       com.sun.tools.javac.jvm.Items$AssignItem::drop (8 bytes)
Event: 36.139 Thread 0x000002a44e4b3d90 nmethod 11131 0x000002a43af48910 code [0x000002a43af48ac0, 0x000002a43af48c98]
Event: 36.144 Thread 0x000002a44e48fae0 11132       4       lombok.bytecode.ClassFileMetaData::readValue (27 bytes)
Event: 36.145 Thread 0x000002a44e48fae0 nmethod 11132 0x000002a4420b7890 code [0x000002a4420b7a20, 0x000002a4420b7b28]
Event: 36.179 Thread 0x000002a44e4b3d90 11133       3       com.sun.tools.javac.file.JavacFileManager$$Lambda/0x000002a45031ab20::apply (16 bytes)
Event: 36.179 Thread 0x000002a44e4b3d90 nmethod 11133 0x000002a43b225190 code [0x000002a43b225360, 0x000002a43b2257a8]
Event: 36.179 Thread 0x000002a44e4b3d90 11135       3       java.util.stream.SpinedBuffer::ensureCapacity (138 bytes)
Event: 36.180 Thread 0x000002a44e4b3d90 nmethod 11135 0x000002a43a422e90 code [0x000002a43a423100, 0x000002a43a424020]
Event: 36.180 Thread 0x000002a44e4b3d90 11134       3       com.sun.tools.javac.file.JavacFileManager::lambda$pathsAndContainers$1 (14 bytes)
Event: 36.180 Thread 0x000002a44e4b3d90 nmethod 11134 0x000002a43a73c490 code [0x000002a43a73c640, 0x000002a43a73c920]
Event: 36.183 Thread 0x000002a44e4b3d90 11136       3       com.sun.tools.javac.comp.Check::checkDivZero (87 bytes)
Event: 36.184 Thread 0x000002a44e48fae0 11137       4       com.sun.tools.javac.comp.DeferredAttr$DeferredType::check (105 bytes)
Event: 36.184 Thread 0x000002a44e4b3d90 nmethod 11136 0x000002a43af15010 code [0x000002a43af152a0, 0x000002a43af160c8]
Event: 36.187 Thread 0x000002a44e4b3d90 11138       3       com.sun.tools.javac.comp.Resolve$AbstractMethodCheck::argumentsAcceptable (288 bytes)
Event: 36.189 Thread 0x000002a44e4b3d90 nmethod 11138 0x000002a43a269c10 code [0x000002a43a269f40, 0x000002a43a26bc08]
Event: 36.228 Thread 0x000002a44e4b3d90 11140       3       com.sun.tools.javac.comp.Check::checkUnique (364 bytes)
Event: 36.231 Thread 0x000002a44e4b3d90 nmethod 11140 0x000002a43b390010 code [0x000002a43b390580, 0x000002a43b3935c0]
Event: 36.231 Thread 0x000002a44e4b3d90 11141   !   3       com.sun.tools.javac.comp.Attr::visitNewClass (1560 bytes)

GC Heap History (20 events):
Event: 16.964 GC heap before
{Heap before GC invocations=11 (full 0):
 garbage-first heap   total 140288K, used 106790K [0x0000000083600000, 0x0000000100000000)
  region size 1024K, 49 young (50176K), 2 survivors (2048K)
 Metaspace       used 30691K, committed 31168K, reserved 1114112K
  class space    used 3345K, committed 3584K, reserved 1048576K
}
Event: 16.968 GC heap after
{Heap after GC invocations=12 (full 0):
 garbage-first heap   total 140288K, used 59740K [0x0000000083600000, 0x0000000100000000)
  region size 1024K, 3 young (3072K), 3 survivors (3072K)
 Metaspace       used 30691K, committed 31168K, reserved 1114112K
  class space    used 3345K, committed 3584K, reserved 1048576K
}
Event: 17.793 GC heap before
{Heap before GC invocations=12 (full 0):
 garbage-first heap   total 140288K, used 111964K [0x0000000083600000, 0x0000000100000000)
  region size 1024K, 54 young (55296K), 3 survivors (3072K)
 Metaspace       used 32009K, committed 32512K, reserved 1114112K
  class space    used 3531K, committed 3776K, reserved 1048576K
}
Event: 17.800 GC heap after
{Heap after GC invocations=13 (full 0):
 garbage-first heap   total 140288K, used 60549K [0x0000000083600000, 0x0000000100000000)
  region size 1024K, 4 young (4096K), 4 survivors (4096K)
 Metaspace       used 32009K, committed 32512K, reserved 1114112K
  class space    used 3531K, committed 3776K, reserved 1048576K
}
Event: 20.977 GC heap before
{Heap before GC invocations=13 (full 0):
 garbage-first heap   total 140288K, used 114821K [0x0000000083600000, 0x0000000100000000)
  region size 1024K, 57 young (58368K), 4 survivors (4096K)
 Metaspace       used 33319K, committed 33856K, reserved 1114112K
  class space    used 3617K, committed 3840K, reserved 1048576K
}
Event: 20.988 GC heap after
{Heap after GC invocations=14 (full 0):
 garbage-first heap   total 140288K, used 63488K [0x0000000083600000, 0x0000000100000000)
  region size 1024K, 6 young (6144K), 6 survivors (6144K)
 Metaspace       used 33319K, committed 33856K, reserved 1114112K
  class space    used 3617K, committed 3840K, reserved 1048576K
}
Event: 23.792 GC heap before
{Heap before GC invocations=14 (full 0):
 garbage-first heap   total 140288K, used 114688K [0x0000000083600000, 0x0000000100000000)
  region size 1024K, 52 young (53248K), 6 survivors (6144K)
 Metaspace       used 33681K, committed 34304K, reserved 1114112K
  class space    used 3642K, committed 3968K, reserved 1048576K
}
Event: 23.811 GC heap after
{Heap after GC invocations=15 (full 0):
 garbage-first heap   total 140288K, used 76662K [0x0000000083600000, 0x0000000100000000)
  region size 1024K, 8 young (8192K), 8 survivors (8192K)
 Metaspace       used 33681K, committed 34304K, reserved 1114112K
  class space    used 3642K, committed 3968K, reserved 1048576K
}
Event: 25.131 GC heap before
{Heap before GC invocations=16 (full 0):
 garbage-first heap   total 140288K, used 117622K [0x0000000083600000, 0x0000000100000000)
  region size 1024K, 49 young (50176K), 8 survivors (8192K)
 Metaspace       used 33695K, committed 34304K, reserved 1114112K
  class space    used 3642K, committed 3968K, reserved 1048576K
}
Event: 25.166 GC heap after
{Heap after GC invocations=17 (full 0):
 garbage-first heap   total 140288K, used 89088K [0x0000000083600000, 0x0000000100000000)
  region size 1024K, 7 young (7168K), 7 survivors (7168K)
 Metaspace       used 33695K, committed 34304K, reserved 1114112K
  class space    used 3642K, committed 3968K, reserved 1048576K
}
Event: 27.641 GC heap before
{Heap before GC invocations=17 (full 0):
 garbage-first heap   total 140288K, used 119808K [0x0000000083600000, 0x0000000100000000)
  region size 1024K, 37 young (37888K), 7 survivors (7168K)
 Metaspace       used 33710K, committed 34304K, reserved 1114112K
  class space    used 3643K, committed 3968K, reserved 1048576K
}
Event: 27.660 GC heap after
{Heap after GC invocations=18 (full 0):
 garbage-first heap   total 140288K, used 81408K [0x0000000083600000, 0x0000000100000000)
  region size 1024K, 5 young (5120K), 5 survivors (5120K)
 Metaspace       used 33710K, committed 34304K, reserved 1114112K
  class space    used 3643K, committed 3968K, reserved 1048576K
}
Event: 30.781 GC heap before
{Heap before GC invocations=18 (full 0):
 garbage-first heap   total 140288K, used 116224K [0x0000000083600000, 0x0000000100000000)
  region size 1024K, 40 young (40960K), 5 survivors (5120K)
 Metaspace       used 35112K, committed 35712K, reserved 1114112K
  class space    used 3800K, committed 4096K, reserved 1048576K
}
Event: 30.791 GC heap after
{Heap after GC invocations=19 (full 0):
 garbage-first heap   total 140288K, used 83682K [0x0000000083600000, 0x0000000100000000)
  region size 1024K, 2 young (2048K), 2 survivors (2048K)
 Metaspace       used 35112K, committed 35712K, reserved 1114112K
  class space    used 3800K, committed 4096K, reserved 1048576K
}
Event: 31.652 GC heap before
{Heap before GC invocations=20 (full 0):
 garbage-first heap   total 140288K, used 115426K [0x0000000083600000, 0x0000000100000000)
  region size 1024K, 38 young (38912K), 2 survivors (2048K)
 Metaspace       used 33374K, committed 34688K, reserved 1114112K
  class space    used 3601K, committed 4032K, reserved 1048576K
}
Event: 31.655 GC heap after
{Heap after GC invocations=21 (full 0):
 garbage-first heap   total 140288K, used 77755K [0x0000000083600000, 0x0000000100000000)
  region size 1024K, 1 young (1024K), 1 survivors (1024K)
 Metaspace       used 33374K, committed 34688K, reserved 1114112K
  class space    used 3601K, committed 4032K, reserved 1048576K
}
Event: 32.151 GC heap before
{Heap before GC invocations=21 (full 0):
 garbage-first heap   total 140288K, used 120763K [0x0000000083600000, 0x0000000100000000)
  region size 1024K, 43 young (44032K), 1 survivors (1024K)
 Metaspace       used 33435K, committed 34688K, reserved 1114112K
  class space    used 3604K, committed 4032K, reserved 1048576K
}
Event: 32.162 GC heap after
{Heap after GC invocations=22 (full 0):
 garbage-first heap   total 140288K, used 65213K [0x0000000083600000, 0x0000000100000000)
  region size 1024K, 2 young (2048K), 2 survivors (2048K)
 Metaspace       used 33435K, committed 34688K, reserved 1114112K
  class space    used 3604K, committed 4032K, reserved 1048576K
}
Event: 35.556 GC heap before
{Heap before GC invocations=22 (full 0):
 garbage-first heap   total 140288K, used 116413K [0x0000000083600000, 0x0000000100000000)
  region size 1024K, 52 young (53248K), 2 survivors (2048K)
 Metaspace       used 33580K, committed 34688K, reserved 1114112K
  class space    used 3617K, committed 4032K, reserved 1048576K
}
Event: 35.575 GC heap after
{Heap after GC invocations=23 (full 0):
 garbage-first heap   total 168960K, used 67016K [0x0000000083600000, 0x0000000100000000)
  region size 1024K, 5 young (5120K), 5 survivors (5120K)
 Metaspace       used 33580K, committed 34688K, reserved 1114112K
  class space    used 3617K, committed 4032K, reserved 1048576K
}

Dll operation events (8 events):
Event: 0.006 Loaded shared library C:\Program Files\Java\jdk-21\bin\java.dll
Event: 0.036 Loaded shared library C:\Program Files\Java\jdk-21\bin\jsvml.dll
Event: 0.077 Loaded shared library C:\Program Files\Java\jdk-21\bin\net.dll
Event: 0.079 Loaded shared library C:\Program Files\Java\jdk-21\bin\nio.dll
Event: 0.083 Loaded shared library C:\Program Files\Java\jdk-21\bin\zip.dll
Event: 0.366 Loaded shared library C:\Users\bzung\.m2\wrapper\dists\apache-maven-3.9.16\56ba1f9f\lib\jansi-native\Windows\x86_64\jansi.dll
Event: 0.380 Loaded shared library C:\Program Files\Java\jdk-21\bin\verify.dll
Event: 0.389 Loaded shared library C:\Program Files\Java\jdk-21\bin\jimage.dll

Deoptimization events (20 events):
Event: 34.823 Thread 0x000002a4302e2760 DEOPT UNPACKING pc=0x000002a4416e7da2 sp=0x000000a4cc9fcd28 mode 2
Event: 34.832 Thread 0x000002a4302e2760 Uncommon trap: trap_request=0xffffff45 fr.pc=0x000002a4421f16ec relative=0x0000000000000f6c
Event: 34.832 Thread 0x000002a4302e2760 Uncommon trap: reason=unstable_if action=reinterpret pc=0x000002a4421f16ec method=com.sun.tools.javac.comp.Check.checkUnique(Lcom/sun/tools/javac/util/JCDiagnostic$DiagnosticPosition;Lcom/sun/tools/javac/code/Symbol;Lcom/sun/tools/javac/code/Scope;)Z @ 7 
Event: 34.832 Thread 0x000002a4302e2760 DEOPT PACKING pc=0x000002a4421f16ec sp=0x000000a4cc9fb5b0
Event: 34.832 Thread 0x000002a4302e2760 DEOPT UNPACKING pc=0x000002a4416e7da2 sp=0x000000a4cc9fb570 mode 2
Event: 35.019 Thread 0x000002a4302e2760 Uncommon trap: trap_request=0xffffffde fr.pc=0x000002a44234a6fc relative=0x000000000000239c
Event: 35.019 Thread 0x000002a4302e2760 Uncommon trap: reason=class_check action=maybe_recompile pc=0x000002a44234a6fc method=com.sun.tools.javac.comp.Resolve$4.argumentsAcceptable(Lcom/sun/tools/javac/comp/Env;Lcom/sun/tools/javac/comp/DeferredAttr$DeferredAttrContext;Lcom/sun/tools/javac/util
Event: 35.019 Thread 0x000002a4302e2760 DEOPT PACKING pc=0x000002a44234a6fc sp=0x000000a4cc9fc580
Event: 35.020 Thread 0x000002a4302e2760 DEOPT UNPACKING pc=0x000002a4416e7da2 sp=0x000000a4cc9fc480 mode 2
Event: 35.109 Thread 0x000002a4302e2760 Uncommon trap: trap_request=0xffffffde fr.pc=0x000002a44234a6fc relative=0x000000000000239c
Event: 35.109 Thread 0x000002a4302e2760 Uncommon trap: reason=class_check action=maybe_recompile pc=0x000002a44234a6fc method=com.sun.tools.javac.comp.Resolve$4.argumentsAcceptable(Lcom/sun/tools/javac/comp/Env;Lcom/sun/tools/javac/comp/DeferredAttr$DeferredAttrContext;Lcom/sun/tools/javac/util
Event: 35.109 Thread 0x000002a4302e2760 DEOPT PACKING pc=0x000002a44234a6fc sp=0x000000a4cc9fc580
Event: 35.109 Thread 0x000002a4302e2760 DEOPT UNPACKING pc=0x000002a4416e7da2 sp=0x000000a4cc9fc480 mode 2
Event: 36.183 Thread 0x000002a4302e2760 Uncommon trap: trap_request=0xffffff45 fr.pc=0x000002a441f8aa3c relative=0x00000000000047dc
Event: 36.183 Thread 0x000002a4302e2760 Uncommon trap: reason=unstable_if action=reinterpret pc=0x000002a441f8aa3c method=com.sun.tools.javac.comp.Resolve$AbstractMethodCheck.argumentsAcceptable(Lcom/sun/tools/javac/comp/Env;Lcom/sun/tools/javac/comp/DeferredAttr$DeferredAttrContext;Lcom/sun/to
Event: 36.183 Thread 0x000002a4302e2760 DEOPT PACKING pc=0x000002a441f8aa3c sp=0x000000a4cc9fc460
Event: 36.183 Thread 0x000002a4302e2760 DEOPT UNPACKING pc=0x000002a4416e7da2 sp=0x000000a4cc9fc460 mode 2
Event: 36.281 Thread 0x000002a4302e2760 Uncommon trap: trap_request=0xffffff45 fr.pc=0x000002a44229cbb8 relative=0x00000000000005f8
Event: 36.282 Thread 0x000002a4302e2760 Uncommon trap: reason=unstable_if action=reinterpret pc=0x000002a44229cbb8 method=com.sun.tools.javac.code.Kinds$Kind.betterThan(Lcom/sun/tools/javac/code/Kinds$Kind;)Z @ 8 c2
Event: 36.282 Thread 0x000002a4302e2760 DEOPT PACKING pc=0x000002a44229cbb8 sp=0x000000a4cc9fb330

Classes loaded (20 events):
Event: 18.621 Loading class java/util/stream/ReduceOps$2
Event: 18.621 Loading class java/util/stream/ReduceOps$2 done
Event: 18.621 Loading class java/util/stream/ReduceOps$2ReducingSink
Event: 18.621 Loading class java/util/stream/ReduceOps$2ReducingSink done
Event: 20.290 Loading class java/lang/invoke/MethodHandleImpl$CountingWrapper
Event: 20.290 Loading class java/lang/invoke/MethodHandleImpl$CountingWrapper done
Event: 21.993 Loading class java/util/EnumMap$Values
Event: 21.995 Loading class java/util/EnumMap$Values done
Event: 21.995 Loading class java/util/EnumMap$ValueIterator
Event: 21.996 Loading class java/util/EnumMap$ValueIterator done
Event: 21.998 Loading class java/util/WeakHashMap$KeyIterator
Event: 21.999 Loading class java/util/WeakHashMap$KeyIterator done
Event: 22.500 Loading class java/nio/file/StandardCopyOption
Event: 22.500 Loading class java/nio/file/StandardCopyOption done
Event: 22.500 Loading class sun/nio/fs/WindowsFileCopy
Event: 22.501 Loading class sun/nio/fs/WindowsFileCopy done
Event: 23.176 Loading class java/lang/StringLatin1$LinesSpliterator
Event: 23.176 Loading class java/lang/StringLatin1$LinesSpliterator done
Event: 28.365 Loading class jdk/internal/module/IllegalAccessLogger
Event: 28.365 Loading class jdk/internal/module/IllegalAccessLogger done

Classes unloaded (20 events):
Event: 30.896 Thread 0x000002a44e463670 Unloading class 0x000002a4503367d0 'lombok/javac/apt/MessagerDiagnosticsReceiver'
Event: 30.896 Thread 0x000002a44e463670 Unloading class 0x000002a450336410 'lombok/javac/apt/InterceptingJavaFileManager'
Event: 30.896 Thread 0x000002a44e463670 Unloading class 0x000002a450336210 'lombok/permit/dummy/Parent'
Event: 30.896 Thread 0x000002a44e463670 Unloading class 0x000002a450336000 'lombok/core/CleanupRegistry'
Event: 30.896 Thread 0x000002a44e463670 Unloading class 0x000002a450335db8 'lombok/permit/Permit$Fake'
Event: 30.896 Thread 0x000002a44e463670 Unloading class 0x000002a450335bc0 'lombok/permit/Permit'
Event: 30.896 Thread 0x000002a44e463670 Unloading class 0x000002a4503358d8 'lombok/javac/apt/LombokProcessor$1'
Event: 30.896 Thread 0x000002a44e463670 Unloading class 0x000002a4503356e8 'lombok/core/DiagnosticsReceiver'
Event: 30.896 Thread 0x000002a44e463670 Unloading class 0x000002a450335458 'lombok/javac/apt/LombokProcessor'
Event: 30.896 Thread 0x000002a44e463670 Unloading class 0x000002a450335230 'lombok/core/AnnotationProcessor$EcjDescriptor'
Event: 30.896 Thread 0x000002a44e463670 Unloading class 0x000002a450335000 'lombok/core/AnnotationProcessor$JavacDescriptor'
Event: 30.896 Thread 0x000002a44e463670 Unloading class 0x000002a450334a78 'lombok/core/AnnotationProcessor$ProcessorDescriptor'
Event: 30.896 Thread 0x000002a44e463670 Unloading class 0x000002a450334800 'lombok/core/AnnotationProcessor'
Event: 30.896 Thread 0x000002a44e463670 Unloading class 0x000002a450381c00 'lombok/launch/AnnotationProcessorHider$ClaimingProcessor'
Event: 30.896 Thread 0x000002a44e463670 Unloading class 0x000002a450334488 'lombok/launch/AnnotationProcessorHider$AstModificationNotifierData'
Event: 30.896 Thread 0x000002a44e463670 Unloading class 0x000002a450334210 'lombok/launch/ClassFileMetaData'
Event: 30.896 Thread 0x000002a44e463670 Unloading class 0x000002a450334000 'lombok/launch/PackageShader'
Event: 30.896 Thread 0x000002a44e463670 Unloading class 0x000002a450308470 'lombok/launch/ShadowClassLoader'
Event: 30.896 Thread 0x000002a44e463670 Unloading class 0x000002a450308278 'lombok/launch/Main'
Event: 30.896 Thread 0x000002a44e463670 Unloading class 0x000002a450308000 'lombok/launch/AnnotationProcessorHider$AnnotationProcessor'

Classes redefined (0 events):
No events

Internal exceptions (20 events):
Event: 34.789 Thread 0x000002a4302e2760 Exception <a 'sun/nio/fs/WindowsException'{0x00000000875dcfd8}> (0x00000000875dcfd8) 
thrown [s\open\src\hotspot\share\prims\jni.cpp, line 520]
Event: 35.812 Thread 0x000002a4302e2760 Exception <a 'sun/nio/fs/WindowsException'{0x000000008da82ad0}> (0x000000008da82ad0) 
thrown [s\open\src\hotspot\share\prims\jni.cpp, line 520]
Event: 35.812 Thread 0x000002a4302e2760 Exception <a 'sun/nio/fs/WindowsException'{0x000000008da83190}> (0x000000008da83190) 
thrown [s\open\src\hotspot\share\prims\jni.cpp, line 520]
Event: 35.812 Thread 0x000002a4302e2760 Exception <a 'sun/nio/fs/WindowsException'{0x000000008da839a8}> (0x000000008da839a8) 
thrown [s\open\src\hotspot\share\prims\jni.cpp, line 520]
Event: 35.821 Thread 0x000002a4302e2760 Exception <a 'sun/nio/fs/WindowsException'{0x000000008da8cf40}> (0x000000008da8cf40) 
thrown [s\open\src\hotspot\share\prims\jni.cpp, line 520]
Event: 35.821 Thread 0x000002a4302e2760 Exception <a 'sun/nio/fs/WindowsException'{0x000000008da8d600}> (0x000000008da8d600) 
thrown [s\open\src\hotspot\share\prims\jni.cpp, line 520]
Event: 35.821 Thread 0x000002a4302e2760 Exception <a 'sun/nio/fs/WindowsException'{0x000000008da8de18}> (0x000000008da8de18) 
thrown [s\open\src\hotspot\share\prims\jni.cpp, line 520]
Event: 35.868 Thread 0x000002a4302e2760 Exception <a 'sun/nio/fs/WindowsException'{0x000000008dab7d10}> (0x000000008dab7d10) 
thrown [s\open\src\hotspot\share\prims\jni.cpp, line 520]
Event: 35.869 Thread 0x000002a4302e2760 Exception <a 'sun/nio/fs/WindowsException'{0x000000008dab83c8}> (0x000000008dab83c8) 
thrown [s\open\src\hotspot\share\prims\jni.cpp, line 520]
Event: 35.874 Thread 0x000002a4302e2760 Exception <a 'sun/nio/fs/WindowsException'{0x000000008dab8bd8}> (0x000000008dab8bd8) 
thrown [s\open\src\hotspot\share\prims\jni.cpp, line 520]
Event: 36.139 Thread 0x000002a4302e2760 Exception <a 'sun/nio/fs/WindowsException'{0x000000008d6e03c8}> (0x000000008d6e03c8) 
thrown [s\open\src\hotspot\share\prims\jni.cpp, line 520]
Event: 36.140 Thread 0x000002a4302e2760 Exception <a 'sun/nio/fs/WindowsException'{0x000000008d6e0a90}> (0x000000008d6e0a90) 
thrown [s\open\src\hotspot\share\prims\jni.cpp, line 520]
Event: 36.140 Thread 0x000002a4302e2760 Exception <a 'sun/nio/fs/WindowsException'{0x000000008d6e12f8}> (0x000000008d6e12f8) 
thrown [s\open\src\hotspot\share\prims\jni.cpp, line 520]
Event: 36.151 Thread 0x000002a4302e2760 Exception <a 'sun/nio/fs/WindowsException'{0x000000008d506c70}> (0x000000008d506c70) 
thrown [s\open\src\hotspot\share\prims\jni.cpp, line 520]
Event: 36.151 Thread 0x000002a4302e2760 Exception <a 'sun/nio/fs/WindowsException'{0x000000008d507310}> (0x000000008d507310) 
thrown [s\open\src\hotspot\share\prims\jni.cpp, line 520]
Event: 36.151 Thread 0x000002a4302e2760 Exception <a 'sun/nio/fs/WindowsException'{0x000000008d507a78}> (0x000000008d507a78) 
thrown [s\open\src\hotspot\share\prims\jni.cpp, line 520]
Event: 36.189 Thread 0x000002a4302e2760 Exception <a 'sun/nio/fs/WindowsException'{0x000000008d5d9d88}> (0x000000008d5d9d88) 
thrown [s\open\src\hotspot\share\prims\jni.cpp, line 520]
Event: 36.189 Thread 0x000002a4302e2760 Exception <a 'sun/nio/fs/WindowsException'{0x000000008d5dabf0}> (0x000000008d5dabf0) 
thrown [s\open\src\hotspot\share\prims\jni.cpp, line 520]
Event: 36.189 Thread 0x000002a4302e2760 Exception <a 'sun/nio/fs/WindowsException'{0x000000008d5dd158}> (0x000000008d5dd158) 
thrown [s\open\src\hotspot\share\prims\jni.cpp, line 520]
Event: 36.191 Thread 0x000002a4302e2760 Exception <a 'sun/nio/fs/WindowsException'{0x000000008d5e1840}> (0x000000008d5e1840) 
thrown [s\open\src\hotspot\share\prims\jni.cpp, line 520]

ZGC Phase Switch (0 events):
No events

VM Operations (20 events):
Event: 30.663 Executing VM operation: Cleanup
Event: 30.663 Executing VM operation: Cleanup done
Event: 30.780 Executing VM operation: G1CollectForAllocation (G1 Evacuation Pause)
Event: 30.791 Executing VM operation: G1CollectForAllocation (G1 Evacuation Pause) done
Event: 30.892 Executing VM operation: G1PauseRemark
Event: 30.917 Executing VM operation: G1PauseRemark done
Event: 30.967 Executing VM operation: G1PauseCleanup
Event: 30.967 Executing VM operation: G1PauseCleanup done
Event: 31.651 Executing VM operation: G1CollectForAllocation (G1 Evacuation Pause)
Event: 31.655 Executing VM operation: G1CollectForAllocation (G1 Evacuation Pause) done
Event: 32.151 Executing VM operation: G1CollectForAllocation (G1 Evacuation Pause)
Event: 32.162 Executing VM operation: G1CollectForAllocation (G1 Evacuation Pause) done
Event: 33.162 Executing VM operation: Cleanup
Event: 33.162 Executing VM operation: Cleanup done
Event: 34.080 Executing VM operation: ICBufferFull
Event: 34.080 Executing VM operation: ICBufferFull done
Event: 34.814 Executing VM operation: HandshakeAllThreads (Deoptimize)
Event: 34.814 Executing VM operation: HandshakeAllThreads (Deoptimize) done
Event: 35.556 Executing VM operation: G1CollectForAllocation (G1 Evacuation Pause)
Event: 35.577 Executing VM operation: G1CollectForAllocation (G1 Evacuation Pause) done

Events (20 events):
Event: 30.912 Thread 0x000002a44e463670 flushing nmethod 0x000002a43b6fab90
Event: 30.912 Thread 0x000002a44e463670 flushing nmethod 0x000002a43b733a10
Event: 30.912 Thread 0x000002a44e463670 flushing nmethod 0x000002a43b762790
Event: 30.912 Thread 0x000002a44e463670 flushing nmethod 0x000002a43b762c90
Event: 30.912 Thread 0x000002a44e463670 flushing nmethod 0x000002a43b763690
Event: 30.912 Thread 0x000002a44e463670 flushing nmethod 0x000002a43b77f490
Event: 30.912 Thread 0x000002a44e463670 flushing nmethod 0x000002a43b7c5c10
Event: 30.912 Thread 0x000002a44e463670 flushing nmethod 0x000002a43b7ede10
Event: 30.912 Thread 0x000002a44e463670 flushing nmethod 0x000002a43b7f3a10
Event: 30.912 Thread 0x000002a44e463670 flushing nmethod 0x000002a43b83c710
Event: 30.912 Thread 0x000002a44e463670 flushing nmethod 0x000002a43b86b410
Event: 30.912 Thread 0x000002a44e463670 flushing nmethod 0x000002a43b86da90
Event: 30.912 Thread 0x000002a44e463670 flushing nmethod 0x000002a43b870b10
Event: 30.912 Thread 0x000002a44e463670 flushing nmethod 0x000002a43b873790
Event: 30.912 Thread 0x000002a44e463670 flushing nmethod 0x000002a43b8a3a90
Event: 30.912 Thread 0x000002a44e463670 flushing nmethod 0x000002a43b94f410
Event: 30.912 Thread 0x000002a44e463670 flushing nmethod 0x000002a43b956810
Event: 30.912 Thread 0x000002a44e463670 flushing nmethod 0x000002a43bab8110
Event: 33.528 Thread 0x000002a4949e68e0 Thread added: 0x000002a4949e68e0
Event: 35.021 Thread 0x000002a4949e68e0 Thread exited: 0x000002a4949e68e0


Dynamic libraries:
0x00007ff7f9ff0000 - 0x00007ff7fa000000 	C:\Program Files\Java\jdk-21\bin\java.exe
0x00007ffbeb540000 - 0x00007ffbeb7a7000 	C:\WINDOWS\SYSTEM32\ntdll.dll
0x00007ffbea0d0000 - 0x00007ffbea199000 	C:\WINDOWS\System32\KERNEL32.DLL
0x00007ffbe8a50000 - 0x00007ffbe8e3f000 	C:\WINDOWS\System32\KERNELBASE.dll
0x00007ffbe8840000 - 0x00007ffbe898b000 	C:\WINDOWS\System32\ucrtbase.dll
0x00007ffbaf1e0000 - 0x00007ffbaf1fb000 	C:\Program Files\Java\jdk-21\bin\VCRUNTIME140.dll
0x00007ffba2740000 - 0x00007ffba2759000 	C:\Program Files\Java\jdk-21\bin\jli.dll
0x00007ffbea960000 - 0x00007ffbeaa14000 	C:\WINDOWS\System32\ADVAPI32.dll
0x00007ffbea1a0000 - 0x00007ffbea249000 	C:\WINDOWS\System32\msvcrt.dll
0x00007ffbe93c0000 - 0x00007ffbe9466000 	C:\WINDOWS\System32\sechost.dll
0x00007ffbeb190000 - 0x00007ffbeb2a8000 	C:\WINDOWS\System32\RPCRT4.dll
0x00007ffbe9470000 - 0x00007ffbe9635000 	C:\WINDOWS\System32\USER32.dll
0x00007ffbe8810000 - 0x00007ffbe8837000 	C:\WINDOWS\System32\win32u.dll
0x00007ffbeb310000 - 0x00007ffbeb33b000 	C:\WINDOWS\System32\GDI32.dll
0x00007ffbd1490000 - 0x00007ffbd1723000 	C:\WINDOWS\WinSxS\amd64_microsoft.windows.common-controls_6595b64144ccf1df_6.0.26100.7309_none_3e05feeae336a044\COMCTL32.dll
0x00007ffbe9100000 - 0x00007ffbe922c000 	C:\WINDOWS\System32\gdi32full.dll
0x00007ffbe9230000 - 0x00007ffbe92d3000 	C:\WINDOWS\System32\msvcp_win.dll
0x00007ffbd8780000 - 0x00007ffbd878b000 	C:\WINDOWS\SYSTEM32\VERSION.dll
0x00007ffbea8b0000 - 0x00007ffbea8e1000 	C:\WINDOWS\System32\IMM32.DLL
0x00007ffbc71d0000 - 0x00007ffbc71dc000 	C:\Program Files\Java\jdk-21\bin\vcruntime140_1.dll
0x00007ffb7b8e0000 - 0x00007ffb7b96e000 	C:\Program Files\Java\jdk-21\bin\msvcp140.dll
0x00007ffabd940000 - 0x00007ffabe65d000 	C:\Program Files\Java\jdk-21\bin\server\jvm.dll
0x00007ffbea050000 - 0x00007ffbea0c4000 	C:\WINDOWS\System32\WS2_32.dll
0x00007ffbe74f0000 - 0x00007ffbe754e000 	C:\WINDOWS\SYSTEM32\POWRPROF.dll
0x00007ffbe0560000 - 0x00007ffbe0595000 	C:\WINDOWS\SYSTEM32\WINMM.dll
0x00007ffbe7410000 - 0x00007ffbe7424000 	C:\WINDOWS\SYSTEM32\UMPDC.dll
0x00007ffbe7560000 - 0x00007ffbe757b000 	C:\WINDOWS\SYSTEM32\kernel.appcore.dll
0x00007ffbb7600000 - 0x00007ffbb760a000 	C:\Program Files\Java\jdk-21\bin\jimage.dll
0x00007ffbe5800000 - 0x00007ffbe5a42000 	C:\WINDOWS\SYSTEM32\DBGHELP.DLL
0x00007ffbe96b0000 - 0x00007ffbe9a35000 	C:\WINDOWS\System32\combase.dll
0x00007ffbe92e0000 - 0x00007ffbe93b6000 	C:\WINDOWS\System32\OLEAUT32.dll
0x00007ffbcd100000 - 0x00007ffbcd13c000 	C:\WINDOWS\SYSTEM32\dbgcore.DLL
0x00007ffbe9050000 - 0x00007ffbe90f5000 	C:\WINDOWS\System32\bcryptPrimitives.dll
0x00007ffb9f720000 - 0x00007ffb9f73f000 	C:\Program Files\Java\jdk-21\bin\java.dll
0x00007ffbeaa20000 - 0x00007ffbeb173000 	C:\WINDOWS\System32\SHELL32.dll
0x00007ffbe8e50000 - 0x00007ffbe8fba000 	C:\WINDOWS\System32\wintypes.dll
0x00007ffbe6260000 - 0x00007ffbe6abe000 	C:\WINDOWS\SYSTEM32\windows.storage.dll
0x00007ffbe9ed0000 - 0x00007ffbe9fc5000 	C:\WINDOWS\System32\SHCORE.dll
0x00007ffbea8f0000 - 0x00007ffbea956000 	C:\WINDOWS\System32\shlwapi.dll
0x00007ffbe85b0000 - 0x00007ffbe85d9000 	C:\WINDOWS\SYSTEM32\profapi.dll
0x00007ffb2fea0000 - 0x00007ffb2ff77000 	C:\Program Files\Java\jdk-21\bin\jsvml.dll
0x00007ffbb1520000 - 0x00007ffbb1530000 	C:\Program Files\Java\jdk-21\bin\net.dll
0x00007ffbdab20000 - 0x00007ffbdac48000 	C:\WINDOWS\SYSTEM32\WINHTTP.dll
0x00007ffbe7ad0000 - 0x00007ffbe7b3b000 	C:\WINDOWS\system32\mswsock.dll
0x00007ffb9e250000 - 0x00007ffb9e266000 	C:\Program Files\Java\jdk-21\bin\nio.dll
0x00007ffb9e020000 - 0x00007ffb9e038000 	C:\Program Files\Java\jdk-21\bin\zip.dll
0x00007ffb936c0000 - 0x00007ffb936e4000 	C:\Users\bzung\.m2\wrapper\dists\apache-maven-3.9.16\56ba1f9f\lib\jansi-native\Windows\x86_64\jansi.dll
0x00007ffbb1430000 - 0x00007ffbb1440000 	C:\Program Files\Java\jdk-21\bin\verify.dll
0x00007ffbe7680000 - 0x00007ffbe76b6000 	C:\WINDOWS\SYSTEM32\ntmarta.dll

dbghelp: loaded successfully - version: 4.0.5 - missing functions: none
symbol engine: initialized successfully - sym options: 0x614 - pdb path: .;C:\Program Files\Java\jdk-21\bin;C:\WINDOWS\SYSTEM32;C:\WINDOWS\WinSxS\amd64_microsoft.windows.common-controls_6595b64144ccf1df_6.0.26100.7309_none_3e05feeae336a044;C:\Program Files\Java\jdk-21\bin\server;C:\Users\bzung\.m2\wrapper\dists\apache-maven-3.9.16\56ba1f9f\lib\jansi-native\Windows\x86_64

VM Arguments:
jvm_args: --add-opens=java.base/java.lang=ALL-UNNAMED --enable-native-access=ALL-UNNAMED -Dclassworlds.conf=C:/Users/bzung/.m2/wrapper/dists/apache-maven-3.9.16/56ba1f9f/bin/m2.conf -Dmaven.home=C:/Users/bzung/.m2/wrapper/dists/apache-maven-3.9.16/56ba1f9f -Dlibrary.jansi.path=C:/Users/bzung/.m2/wrapper/dists/apache-maven-3.9.16/56ba1f9f/lib/jansi-native -Dmaven.multiModuleProjectDirectory=C:/MyFiles/FinMe/backend 
java_command: org.codehaus.plexus.classworlds.launcher.Launcher clean test
java_class_path (initial): C:/Users/bzung/.m2/wrapper/dists/apache-maven-3.9.16/56ba1f9f/boot/plexus-classworlds-2.11.0.jar
Launcher Type: SUN_STANDARD

[Global flags]
     intx CICompilerCount                          = 3                                         {product} {ergonomic}
     uint ConcGCThreads                            = 1                                         {product} {ergonomic}
     uint G1ConcRefinementThreads                  = 4                                         {product} {ergonomic}
   size_t G1HeapRegionSize                         = 1048576                                   {product} {ergonomic}
    uintx GCDrainStackTargetSize                   = 64                                        {product} {ergonomic}
   size_t InitialHeapSize                          = 132120576                                 {product} {ergonomic}
   size_t MarkStackSize                            = 4194304                                   {product} {ergonomic}
   size_t MaxHeapSize                              = 2090860544                                {product} {ergonomic}
   size_t MaxNewSize                               = 1254096896                                {product} {ergonomic}
   size_t MinHeapDeltaBytes                        = 1048576                                   {product} {ergonomic}
   size_t MinHeapSize                              = 8388608                                   {product} {ergonomic}
    uintx NonNMethodCodeHeapSize                   = 5832780                                {pd product} {ergonomic}
    uintx NonProfiledCodeHeapSize                  = 122912730                              {pd product} {ergonomic}
    uintx ProfiledCodeHeapSize                     = 122912730                              {pd product} {ergonomic}
    uintx ReservedCodeCacheSize                    = 251658240                              {pd product} {ergonomic}
     bool SegmentedCodeCache                       = true                                      {product} {ergonomic}
   size_t SoftMaxHeapSize                          = 2090860544                             {manageable} {ergonomic}
     bool UseCompressedOops                        = true                           {product lp64_product} {ergonomic}
     bool UseG1GC                                  = true                                      {product} {ergonomic}
     bool UseLargePagesIndividualAllocation        = false                                  {pd product} {ergonomic}

Logging:
Log output configuration:
 #0: stdout all=warning uptime,level,tags foldmultilines=false
 #1: stderr all=off uptime,level,tags foldmultilines=false

Environment Variables:
PATH=C:\Users\bzung\bin;C:\Program Files\Git\mingw64\bin;C:\Program Files\Git\usr\local\bin;C:\Program Files\Git\usr\bin;C:\Program Files\Git\usr\bin;C:\Program Files\Git\mingw64\bin;C:\Program Files\Git\usr\bin;C:\Users\bzung\bin;C:\Program Files\Microsoft SDKs\Azure\CLI2\wbin;C:\Python314\Scripts;C:\Python314;C:\Program Files\Common Files\Oracle\Java\javapath;C:\WINDOWS\system32;C:\WINDOWS;C:\WINDOWS\System32\Wbem;C:\WINDOWS\System32\WindowsPowerShell\v1.0;C:\WINDOWS\System32\OpenSSH;C:\Users\bzung\AppData\Local\Android\Sdk\platform-tools;C:\Program Files\Maven\apache-maven-3.9.9\bin;C:\Program Files\Git\cmd;C:\Program Files\MySQL\MySQL Server 8.0\bin;C:\Program Files\nodejs;C:\ProgramData\chocolatey\bin;C:\Users\bzung\.config\herd\bin\nvm;C:\Program Files\nodejs;C:\Program Files\GitHub CLI;C:\Program Files\Go\bin;C:\Program Files\dotnet;C:\Users\bzung\.config\herd\bin;C:\Users\bzung\.config\herd-lite\bin;C:\Program Files\MySQL\MySQL Shell 8.0\bin;C:\Users\bzung\AppData\Local\Microsoft\WindowsApps;C:\MyVSProject\Microsoft VS Code\bin;C:\Users\bzung\AppData\Local\Programs\Windsurf\bin;C:\Users\bzung\AppData\Roaming\npm;C:\Users\bzung\AppData\Local\JetBrains\Toolbox\scripts;C:\Users\bzung\AppData\Local\PowerToys\DSCModules;C:\Users\bzung\.local\bin;C:\Users\bzung\.local\bin;C:\Users\bzung\go\bin;C:\Users\bzung\tools\mingw64\bin;C:\msys64\ucrt64\bin;C:\Users\bzung\AppData\Local\Programs\DockerDesktop\resources\bin;C:\Program Files\Git\usr\bin\vendor_perl;C:\Program Files\Git\usr\bin\core_perl
USERNAME=bzung
SHELL=C:\Program Files\Git\usr\bin\bash.exe
TERM=xterm-256color
OS=Windows_NT
PROCESSOR_IDENTIFIER=Intel64 Family 6 Model 140 Stepping 2, GenuineIntel
TMP=C:\Users\bzung\AppData\Local\Temp
TEMP=C:\Users\bzung\AppData\Local\Temp




Periodic native trim disabled

---------------  S Y S T E M  ---------------

OS:
 Windows 11 , 64 bit Build 26100 (10.0.26100.7309)
OS uptime: 1 days 20:34 hours
Hyper-V role detected

CPU: total 4 (initial active 4) (2 cores per cpu, 2 threads per core) family 6 model 140 stepping 2 microcode 0x26, cx8, cmov, fxsr, ht, mmx, 3dnowpref, sse, sse2, sse3, ssse3, sse4.1, sse4.2, popcnt, lzcnt, tsc, tscinvbit, avx, avx2, aes, erms, clmul, bmi1, bmi2, adx, avx512f, avx512dq, avx512cd, avx512bw, avx512vl, sha, fma, vzeroupper, avx512_vpopcntdq, avx512_vpclmulqdq, avx512_vaes, avx512_vnni, clflush, clflushopt, clwb, avx512_vbmi2, avx512_vbmi, hv, rdtscp, rdpid, fsrm, gfni, avx512_bitalg, f16c, cet_ibt, cet_ss, avx512_ifma
Processor Information for all 4 processors :
  Max Mhz: 2995, Current Mhz: 2995, Mhz Limit: 2995

Memory: 4k page, system-wide physical 7975M (1168M free)
TotalPageFile size 32551M (AvailPageFile size 244M)
current process WorkingSet (physical memory assigned to process): 244M, peak: 311M
current process commit charge ("private bytes"): 345M, peak: 346M

vm_info: Java HotSpot(TM) 64-Bit Server VM (21.0.9+7-LTS-338) for windows-amd64 JRE (21.0.9+7-LTS-338), built on 2025-09-26T06:33:49Z by "mach5run" with MS VC++ 17.6 (VS2022)

END.
